Microchip MPLAB XC8 Compiler V2.45

Linker command line:

-W-3 \
  --edf=C:\Program Files\Microchip\xc8\v2.45\pic\dat\20230818022343_en.msgs \
  -cn -h+dist/default/production\A3-LED_Pattern.X.production.sym \
  --cmf=dist/default/production\A3-LED_Pattern.X.production.cmf -z \
  -Q16F877A -oC:\Users\ashiv\AppData\Local\Temp\xcAs6j4.\driver_tmp_3.o \
  --defsym=__MPLAB_BUILD=1 --fixupoverflow=error \
  -Mdist/default/production/A3-LED_Pattern.X.production.map \
  --md=C:\Users\ashiv\AppData\Local\Temp\xcAs6j4.\driver_tmp_0.dat -E1 \
  -ver=XC8 Compiler --acfsm=1493 -ACODE=00h-07FFhx4 -ASTRCODE=00h-01FFFh \
  -ASTRING=00h-0FFhx32 -ACONST=00h-0FFhx32 -AENTRY=00h-0FFhx32 \
  -ACOMMON=070h-07Fh -ABANK0=020h-06Fh -ABANK1=0A0h-0EFh \
  -ABANK2=0110h-016Fh -ABANK3=0190h-01EFh \
  -ARAM=020h-06Fh,0A0h-0EFh,0110h-016Fh,0190h-01EFh \
  -AABS1=020h-07Fh,0A0h-0EFh,0110h-016Fh,0190h-01EFh -ASFR0=00h-01Fh \
  -ASFR1=080h-09Fh -ASFR2=0100h-010Fh -ASFR3=0180h-018Fh \
  -ACONFIG=02007h-02007h -DCONFIG=2 -AIDLOC=02000h-02003h -DIDLOC=2 \
  -AEEDATA=00h-0FFh/02100h -peeprom_data=EEDATA -DEEDATA=2 -DCODE=2 \
  -DSTRCODE=2 -DSTRING=2 -DCONST=2 -DENTRY=2 \
  -preset_vec=00h,intentry,init,end_init -ppowerup=CODE -pcinit=CODE \
  -pfunctab=ENTRY -k \
  C:\Users\ashiv\AppData\Local\Temp\xcAs6j4.\driver_tmp_12.o \
  dist/default/production\A3-LED_Pattern.X.production.o 

Object code version is 3.11

Machine type is 16F877A



                Name                               Link     Load   Length Selector   Space Scale
C:\Users\ashiv\AppData\Local\Temp\xcAs6j4.\driver_tmp_12.o
                end_init                              0        0        3        0       0
                config                             2007     2007        1        0       4
                idloc                              2000     2000        4        0       5
dist/default/production\A3-LED_Pattern.X.production.o
                cinit                               7E4      7E4       1C      FC8       0
                config                             2007     2007        1        0       4
                idloc                              2000     2000        4        0       5
                text4                               61B      61B      1C9      C36       0
                text3                               5C1      5C1        6      B82       0
                text2                               5C7      5C7        C      B8E       0
                text1                               5F1      5F1       2A      BE2       0
                maintext                            5D3      5D3       1E      BA6       0
                cstackCOMMON                         78       78        5       70       1
                bssBANK0                             20       20        A       20       1
                dataCOMMON                           7D       7D        1       70       1
                bssCOMMON                            70       70        8       70       1
                idataCOMMON                         5C0      5C0        1      B80       0

TOTAL           Name                               Link     Load   Length     Space
        CLASS   CODE           
                end_init                              0        0        3         0
                cinit                               7E4      7E4       1C         0
                text4                               61B      61B      1C9         0
                text3                               5C1      5C1        6         0
                text2                               5C7      5C7        C         0
                text1                               5F1      5F1       2A         0
                maintext                            5D3      5D3       1E         0
                idataCOMMON                         5C0      5C0        1         0

        CLASS   STRCODE        

        CLASS   STRING         

        CLASS   CONST          

        CLASS   ENTRY          

        CLASS   COMMON         
                cstackCOMMON                         78       78        5         1
                dataCOMMON                           7D       7D        1         1
                bssCOMMON                            70       70        8         1

        CLASS   BANK0          
                bssBANK0                             20       20        A         1

        CLASS   BANK1          

        CLASS   BANK2          

        CLASS   BANK3          

        CLASS   RAM            

        CLASS   ABS1           
                abs_s1                               7E       7E        2         1

        CLASS   SFR0           

        CLASS   SFR1           

        CLASS   SFR2           

        CLASS   SFR3           

        CLASS   CONFIG         
                config                             2007     2007        1         4

        CLASS   IDLOC          
                idloc                              2000     2000        4         5

        CLASS   EEDATA         

        CLASS   HEAP           

        CLASS   STACK          



SEGMENTS        Name                           Load    Length   Top    Selector   Space  Class     Delta

                reset_vec                      000000  000003  000003         0       0  CODE        2
                bssBANK0                       000020  00000A  00002A        20       1  BANK0       1
                bssCOMMON                      000070  00000E  00007E        70       1  COMMON      1
                idataCOMMON                    0005C0  000001  0005C1       B80       0  CODE        2
                text3                          0005C1  000006  0005C7       B82       0  CODE        2
                text2                          0005C7  00000C  0005D3       B8E       0  CODE        2
                maintext                       0005D3  00001E  0005F1       BA6       0  CODE        2
                text1                          0005F1  00002A  00061B       BE2       0  CODE        2
                text4                          00061B  0001C9  0007E4       C36       0  CODE        2
                cinit                          0007E4  00001C  000800       FC8       0  CODE        2


UNUSED ADDRESS RANGES

        Name                Unused          Largest block    Delta
        BANK0            002A-006F             46           1
        BANK1            00A0-00EF             50           1
        BANK2            0110-016F             60           1
        BANK3            0190-01EF             60           1
        CODE             0003-05BF            5BD           2
                         0800-1FFF            800
        CONST            0003-05BF            100           2
                         0800-1FFF            100
        EEDATA           2100-21FF            100           2
        ENTRY            0003-05BF            100           2
                         0800-1FFF            100
        RAM              002A-006F             46           1
                         00A0-00EF             50
                         0110-016F             60
                         0190-01EF             60
        SFR0             0000-001F             20           1
        SFR1             0080-009F             20           1
        SFR2             0100-010F             10           1
        SFR3             0180-018F             10           1
        STRCODE          0003-05BF            5BD           2
                         0800-1FFF           1800
        STRING           0003-05BF            100           2
                         0800-1FFF            100

                                  Symbol Table

_PORTB                       (abs)        0006
_PORTD                       (abs)        0008
_TRISB                       (abs)        0086
_TRISD                       (abs)        0088
__H__absolute__              __absolute__ 0000
__Habs1                      abs1         0000
__Hbank0                     bank0        0000
__Hbank1                     bank1        0000
__Hbank2                     bank2        0000
__Hbank3                     bank3        0000
__HbssBANK0                  bssBANK0     0000
__HbssCOMMON                 bssCOMMON    0000
__Hcinit                     cinit        0800
__Hclrtext                   clrtext      0000
__Hcode                      code         0000
__Hcommon                    common       0000
__Hconfig                    config       2008
__HcstackCOMMON              cstackCOMMON 0000
__HdataCOMMON                dataCOMMON   0000
__Heeprom_data               eeprom_data  0000
__Hend_init                  end_init     0003
__Hfunctab                   functab      0000
__Hheap                      heap         0000
__HidataCOMMON               idataCOMMON  0000
__Hidloc                     idloc        2004
__Hinit                      init         0000
__Hintentry                  intentry     0000
__Hmaintext                  maintext     0000
__Hpowerup                   powerup      0000
__Hram                       ram          0000
__Hreset_vec                 reset_vec    0000
__Hsfr0                      sfr0         0000
__Hsfr1                      sfr1         0000
__Hsfr2                      sfr2         0000
__Hsfr3                      sfr3         0000
__Hspace_0                   (abs)        0800
__Hspace_1                   (abs)        007E
__Hspace_2                   (abs)        0000
__Hspace_3                   (abs)        0000
__Hspace_4                   (abs)        400F
__Hstack                     stack        0000
__Hstrings                   strings      0000
__Htext                      text         0000
__L__absolute__              __absolute__ 0000
__Labs1                      abs1         0000
__Lbank0                     bank0        0000
__Lbank1                     bank1        0000
__Lbank2                     bank2        0000
__Lbank3                     bank3        0000
__LbssBANK0                  bssBANK0     0000
__LbssCOMMON                 bssCOMMON    0000
__Lcinit                     cinit        07E4
__Lclrtext                   clrtext      0000
__Lcode                      code         0000
__Lcommon                    common       0000
__Lconfig                    config       0000
__LcstackCOMMON              cstackCOMMON 0000
__LdataCOMMON                dataCOMMON   0000
__Leeprom_data               eeprom_data  0000
__Lend_init                  end_init     0000
__Lfunctab                   functab      0000
__Lheap                      heap         0000
__LidataCOMMON               idataCOMMON  0000
__Lidloc                     idloc        0000
__Linit                      init         0000
__Lintentry                  intentry     0000
__Lmaintext                  maintext     0000
__Lpowerup                   powerup      0000
__Lram                       ram          0000
__Lreset_vec                 reset_vec    0000
__Lsfr0                      sfr0         0000
__Lsfr1                      sfr1         0000
__Lsfr2                      sfr2         0000
__Lsfr3                      sfr3         0000
__Lspace_0                   (abs)        0000
__Lspace_1                   (abs)        0000
__Lspace_2                   (abs)        0000
__Lspace_3                   (abs)        0000
__Lspace_4                   (abs)        0000
__Lstack                     stack        0000
__Lstrings                   strings      0000
__Ltext                      text         0000
__S0                         (abs)        0800
__S1                         (abs)        007E
__S3                         (abs)        0000
___heap_hi                   (abs)        0000
___heap_lo                   (abs)        0000
___int_sp                    stack        0000
___int_stack_hi              stack        0000
___int_stack_lo              stack        0000
___latbits                   (abs)        0002
___sp                        stack        0000
___stack_hi                  stack        0000
___stack_lo                  stack        0000
___stackhi                   (abs)        0000
___stacklo                   (abs)        0000
__end_of__initialization     cinit        07FC
__end_of_glow_on_press       text4        07E4
__end_of_init_config         text2        05D3
__end_of_init_digital_keypad text3        05C7
__end_of_main                maintext     05F1
__end_of_read_digital_keypad text1        061B
__initialization             cinit        07E4
__pbssBANK0                  bssBANK0     0020
__pbssCOMMON                 bssCOMMON    0070
__pcstackCOMMON              cstackCOMMON 0078
__pdataCOMMON                dataCOMMON   007D
__pidataCOMMON               idataCOMMON  05C0
__pmaintext                  maintext     05D3
__ptext1                     text1        05F1
__ptext2                     text2        05C7
__ptext3                     text3        05C1
__ptext4                     text4        061B
_glow_on_press               text4        061B
_init_config                 text2        05C7
_init_digital_keypad         text3        05C1
_main                        maintext     05D3
_read_digital_keypad         text1        05F1
btemp                        (abs)        007E
end_of_initialization        cinit        07FC
glow_on_press@flag           bssBANK0     0028
glow_on_press@i              bssCOMMON    0074
glow_on_press@j              bssCOMMON    0070
glow_on_press@k              bssBANK0     0020
glow_on_press@key            cstackCOMMON 007A
glow_on_press@wait           bssBANK0     0024
intlevel0                    functab      0000
intlevel1                    functab      0000
intlevel2                    functab      0000
intlevel3                    functab      0000
intlevel4                    functab      0000
intlevel5                    functab      0000
main@key                     cstackCOMMON 007C
main@key_copy                cstackCOMMON 007B
read_digital_keypad@mode     cstackCOMMON 0079
read_digital_keypad@once     dataCOMMON   007D
reset_vec                    reset_vec    0000
start                        init         0000
start_initialization         cinit        07E4
wtemp0                       (abs)        007E


MODULE INFORMATION

Module		Function		Class		Link	Load	Size
digital_keypad.c
		_init_digital_keypad		CODE           	05C1	0000	6
		_read_digital_keypad		CODE           	05F1	0000	42

digital_keypad.c estimated size: 48

shared
		__initialization		CODE           	07E4	0000	24

shared estimated size: 24

main.c
		_main          		CODE           	05D3	0000	30
		_init_config   		CODE           	05C7	0000	12
		_glow_on_press 		CODE           	061B	0000	457

main.c estimated size: 499

