Microchip MPLAB XC8 Compiler V2.45

Linker command line:

-W-3 \
  --edf=C:/Users/ashiv/.mchp_packs/Microchip/PIC16Fxxx_DFP/1.6.156/xc8\pic\dat\20231012211500_en.msgs \
  -cn -h+dist/default/production\A11-SSD_DYNAMIC_CLOCK.X.production.sym \
  --cmf=dist/default/production\A11-SSD_DYNAMIC_CLOCK.X.production.cmf -z \
  -Q16F877A -oC:\Users\ashiv\AppData\Local\Temp\xcBs77o.1\driver_tmp_3.o \
  --defsym=__MPLAB_BUILD=1 --fixupoverflow=error \
  -Mdist/default/production/A11-SSD_DYNAMIC_CLOCK.X.production.map \
  --md=C:\Users\ashiv\AppData\Local\Temp\xcBs77o.1\driver_tmp_0.dat -E1 \
  -ver=XC8 Compiler --acfsm=1493 -ACODE=00h-07FFhx4 -ASTRCODE=00h-01FFFh \
  -ASTRING=00h-0FFhx32 -ACONST=00h-0FFhx32 -AENTRY=00h-0FFhx32 \
  -ACOMMON=070h-07Fh -ABANK0=020h-06Fh -ABANK1=0A0h-0EFh \
  -ABANK2=0110h-016Fh -ABANK3=0190h-01EFh \
  -ARAM=020h-06Fh,0A0h-0EFh,0110h-016Fh,0190h-01EFh \
  -AABS1=020h-07Fh,0A0h-0EFh,0110h-016Fh,0190h-01EFh -ASFR0=00h-01Fh \
  -ASFR1=080h-09Fh -ASFR2=0100h-010Fh -ASFR3=0180h-018Fh \
  -ACONFIG=02007h-02007h -DCONFIG=2 -AIDLOC=02000h-02003h -DIDLOC=2 \
  -AEEDATA=00h-0FFh/02100h -peeprom_data=EEDATA -DEEDATA=2 -DCODE=2 \
  -DSTRCODE=2 -DSTRING=2 -DCONST=2 -DENTRY=2 \
  -preset_vec=00h,intentry=04h,init,end_init -ppowerup=CODE -pcinit=CODE \
  -pfunctab=ENTRY -k \
  C:\Users\ashiv\AppData\Local\Temp\xcBs77o.1\driver_tmp_12.o \
  dist/default/production\A11-SSD_DYNAMIC_CLOCK.X.production.o 

Object code version is 3.11

Machine type is 16F877A



                Name                               Link     Load   Length Selector   Space Scale
C:\Users\ashiv\AppData\Local\Temp\xcBs77o.1\driver_tmp_12.o
                end_init                              C        C        3        8       0
                reset_vec                             0        0        3        0       0
                config                             2007     2007        1        0       4
                idloc                              2000     2000        4        0       5
dist/default/production\A11-SSD_DYNAMIC_CLOCK.X.production.o
                cinit                                 F        F       20        8       0
                intentry                              4        4        8        8       0
                config                             2007     2007        1        0       4
                idloc                              2000     2000        4        0       5
                text10                              336      336       46        8       0
                text9                               37C      37C       44        8       0
                text8                               3C0      3C0       3A        8       0
                text7                               2DC      2DC       5A        8       0
                text6                               48C      48C        6        8       0
                text5                               46F      46F        C        8       0
                text4                               47B      47B        9        8       0
                text3                               462      462        D        8       0
                text2                               42A      42A       17        8       0
                text1                               3FA      3FA       30        8       0
                maintext                             2F       2F      2AD        8       0
                cstackBANK0                          40       40        E       20       1
                cstackCOMMON                         70       70        9       70       1
                clrtext                             484      484        8        8       0
                inittext                            441      441       13        8       0
                dataBANK0                            32       32        E       20       1
                bssBANK0                             20       20       12       20       1
                dataCOMMON                           79       79        1       70       1
                idataBANK0                          454      454        E        8       0
                idataCOMMON                         492      492        1        8       0

TOTAL           Name                               Link     Load   Length     Space
        CLASS   CODE           
                end_init                              C        C        3         0
                cinit                                 F        F       20         0
                intentry                              4        4        8         0
                reset_vec                             0        0        3         0
                text10                              336      336       46         0
                text9                               37C      37C       44         0
                text8                               3C0      3C0       3A         0
                text7                               2DC      2DC       5A         0
                text6                               48C      48C        6         0
                text5                               46F      46F        C         0
                text4                               47B      47B        9         0
                text3                               462      462        D         0
                text2                               42A      42A       17         0
                text1                               3FA      3FA       30         0
                maintext                             2F       2F      2AD         0
                clrtext                             484      484        8         0
                inittext                            441      441       13         0
                idataBANK0                          454      454        E         0
                idataCOMMON                         492      492        1         0

        CLASS   STRCODE        

        CLASS   STRING         

        CLASS   CONST          

        CLASS   ENTRY          

        CLASS   COMMON         
                cstackCOMMON                         70       70        9         1
                dataCOMMON                           79       79        1         1

        CLASS   BANK0          
                cstackBANK0                          40       40        E         1
                dataBANK0                            32       32        E         1
                bssBANK0                             20       20       12         1

        CLASS   BANK1          

        CLASS   BANK2          

        CLASS   BANK3          

        CLASS   RAM            

        CLASS   ABS1           
                abs_s1                               7E       7E        2         1

        CLASS   SFR0           

        CLASS   SFR1           

        CLASS   SFR2           

        CLASS   SFR3           

        CLASS   CONFIG         
                config                             2007     2007        1         4

        CLASS   IDLOC          
                idloc                              2000     2000        4         5

        CLASS   EEDATA         

        CLASS   HEAP           

        CLASS   STACK          



SEGMENTS        Name                           Load    Length   Top    Selector   Space  Class     Delta

                reset_vec                      000000  000003  000003         0       0  CODE        2
                intentry                       000004  00048F  000493         8       0  CODE        2
                bssBANK0                       000020  00002E  00004E        20       1  BANK0       1
                cstackCOMMON                   000070  00000A  00007A        70       1  COMMON      1


UNUSED ADDRESS RANGES

        Name                Unused          Largest block    Delta
        BANK0            004E-006F             22           1
        BANK1            00A0-00EF             50           1
        BANK2            0110-016F             60           1
        BANK3            0190-01EF             60           1
        CODE             0003-0003              1           2
                         0493-1FFF            800
        COMMON           007A-007D              4           1
        CONST            0003-0003              1           2
                         0493-1FFF            100
        EEDATA           2100-21FF            100           2
        ENTRY            0003-0003              1           2
                         0493-1FFF            100
        RAM              004E-006F             22           1
                         00A0-00EF             50
                         0110-016F             60
                         0190-01EF             60
        SFR0             0000-001F             20           1
        SFR1             0080-009F             20           1
        SFR2             0100-010F             10           1
        SFR3             0180-018F             10           1
        STRCODE          0003-0003              1           2
                         0493-1FFF           1B6D
        STRING           0003-0003              1           2
                         0493-1FFF            100

                                  Symbol Table

?___lwdiv                    cstackCOMMON 0072
?___lwmod                    cstackCOMMON 0072
_GIE                         (abs)        005F
_PEIE                        (abs)        005E
_PORTA                       (abs)        0005
_PORTB                       (abs)        0006
_PORTD                       (abs)        0008
_PR2                         (abs)        0092
_PSA                         (abs)        040B
_T0CS                        (abs)        040D
_T2CKPS0                     (abs)        0090
_T2CKPS1                     (abs)        0091
_TMR0                        (abs)        0001
_TMR0IE                      (abs)        005D
_TMR0IF                      (abs)        005A
_TMR2IE                      (abs)        0461
_TMR2IF                      (abs)        0061
_TMR2ON                      (abs)        0092
_TRISA                       (abs)        0085
_TRISB                       (abs)        0086
_TRISD                       (abs)        0088
__H__absolute__              __absolute__ 0000
__Habs1                      abs1         0000
__Hbank0                     bank0        0000
__Hbank1                     bank1        0000
__Hbank2                     bank2        0000
__Hbank3                     bank3        0000
__HbssBANK0                  bssBANK0     0000
__Hcinit                     cinit        002F
__Hclrtext                   clrtext      0000
__Hcode                      code         0000
__Hcommon                    common       0000
__Hconfig                    config       2008
__HcstackBANK0               cstackBANK0  0000
__HcstackCOMMON              cstackCOMMON 0000
__HdataBANK0                 dataBANK0    0000
__HdataCOMMON                dataCOMMON   0000
__Heeprom_data               eeprom_data  0000
__Hend_init                  end_init     000F
__Hfunctab                   functab      0000
__Hheap                      heap         0000
__HidataBANK0                idataBANK0   0000
__HidataCOMMON               idataCOMMON  0000
__Hidloc                     idloc        2004
__Hinit                      init         000C
__Hinittext                  inittext     0000
__Hintentry                  intentry     000C
__Hmaintext                  maintext     0000
__Hpowerup                   powerup      0000
__Hram                       ram          0000
__Hreset_vec                 reset_vec    0003
__Hsfr0                      sfr0         0000
__Hsfr1                      sfr1         0000
__Hsfr2                      sfr2         0000
__Hsfr3                      sfr3         0000
__Hspace_0                   (abs)        0493
__Hspace_1                   (abs)        007A
__Hspace_2                   (abs)        0000
__Hspace_3                   (abs)        0000
__Hspace_4                   (abs)        400F
__Hstack                     stack        0000
__Hstrings                   strings      0000
__Htext                      text         0000
__L__absolute__              __absolute__ 0000
__Labs1                      abs1         0000
__Lbank0                     bank0        0000
__Lbank1                     bank1        0000
__Lbank2                     bank2        0000
__Lbank3                     bank3        0000
__LbssBANK0                  bssBANK0     0000
__Lcinit                     cinit        000F
__Lclrtext                   clrtext      0000
__Lcode                      code         0000
__Lcommon                    common       0000
__Lconfig                    config       0000
__LcstackBANK0               cstackBANK0  0000
__LcstackCOMMON              cstackCOMMON 0000
__LdataBANK0                 dataBANK0    0000
__LdataCOMMON                dataCOMMON   0000
__Leeprom_data               eeprom_data  0000
__Lend_init                  end_init     000C
__Lfunctab                   functab      0000
__Lheap                      heap         0000
__LidataBANK0                idataBANK0   0000
__LidataCOMMON               idataCOMMON  0000
__Lidloc                     idloc        0000
__Linit                      init         000C
__Linittext                  inittext     0000
__Lintentry                  intentry     0004
__Lmaintext                  maintext     0000
__Lpowerup                   powerup      0000
__Lram                       ram          0000
__Lreset_vec                 reset_vec    0000
__Lsfr0                      sfr0         0000
__Lsfr1                      sfr1         0000
__Lsfr2                      sfr2         0000
__Lsfr3                      sfr3         0000
__Lspace_0                   (abs)        0000
__Lspace_1                   (abs)        0000
__Lspace_2                   (abs)        0000
__Lspace_3                   (abs)        0000
__Lspace_4                   (abs)        0000
__Lstack                     stack        0000
__Lstrings                   strings      0000
__Ltext                      text         0000
__S0                         (abs)        0493
__S1                         (abs)        007A
__S3                         (abs)        0000
___heap_hi                   (abs)        0000
___heap_lo                   (abs)        0000
___int_sp                    stack        0000
___int_stack_hi              stack        0000
___int_stack_lo              stack        0000
___latbits                   (abs)        0002
___lwdiv                     text9        037C
___lwdiv@counter             cstackCOMMON 0078
___lwdiv@dividend            cstackCOMMON 0074
___lwdiv@divisor             cstackCOMMON 0072
___lwdiv@quotient            cstackCOMMON 0076
___lwmod                     text8        03C0
___lwmod@counter             cstackCOMMON 0076
___lwmod@dividend            cstackCOMMON 0074
___lwmod@divisor             cstackCOMMON 0072
___sp                        stack        0000
___stack_hi                  stack        0000
___stack_lo                  stack        0000
___stackhi                   (abs)        0000
___stacklo                   (abs)        0000
__end_of___lwdiv             text9        03C0
__end_of___lwmod             text8        03FA
__end_of__initialization     cinit        002B
__end_of_display             text7        0336
__end_of_init_config         text2        0441
__end_of_init_digital_keypad text6        0492
__end_of_init_ssd            text5        047B
__end_of_init_timer0         text4        0484
__end_of_init_timer2         text3        046F
__end_of_isr                 text10       037C
__end_of_main                maintext     02DC
__end_of_read_digital_keypad text1        042A
__initialization             cinit        000F
__pbssBANK0                  bssBANK0     0020
__pcstackBANK0               cstackBANK0  0040
__pcstackCOMMON              cstackCOMMON 0070
__pdataBANK0                 dataBANK0    0032
__pdataCOMMON                dataCOMMON   0079
__pidataBANK0                idataBANK0   0454
__pidataCOMMON               idataCOMMON  0492
__pintentry                  intentry     0004
__pmaintext                  maintext     002F
__ptext1                     text1        03FA
__ptext10                    text10       0336
__ptext2                     text2        042A
__ptext3                     text3        0462
__ptext4                     text4        047B
__ptext5                     text5        046F
__ptext6                     text6        048C
__ptext7                     text7        02DC
__ptext8                     text8        03C0
__ptext9                     text9        037C
_change                      bssBANK0     0030
_change1                     bssBANK0     002E
_count                       bssBANK0     0020
_digit                       dataBANK0    0032
_display                     text7        02DC
_init_config                 text2        042A
_init_digital_keypad         text6        048C
_init_ssd                    text5        046F
_init_timer0                 text4        047B
_init_timer2                 text3        0462
_isr                         text10       0336
_main                        maintext     002F
_read_digital_keypad         text1        03FA
_ssd                         dataBANK0    003C
btemp                        (abs)        007E
clear_ram0                   clrtext      0484
display@data                 cstackBANK0  0044
display@digit                cstackBANK0  0045
display@wait                 cstackBANK0  0040
end_of_initialization        cinit        002B
init_fetch0                  inittext     0441
init_ram0                    inittext     0445
interrupt_function           intentry     0004
intlevel0                    functab      0000
intlevel1                    functab      0000
intlevel2                    functab      0000
intlevel3                    functab      0000
intlevel4                    functab      0000
intlevel5                    functab      0000
isr@count                    bssBANK0     0024
isr@count3                   bssBANK0     0022
main@cur_key                 cstackBANK0  004D
main@hour                    bssBANK0     0028
main@key                     cstackBANK0  004C
main@min                     bssBANK0     002C
main@once                    cstackBANK0  0046
main@pos                     cstackBANK0  004A
main@u_type                  cstackBANK0  0049
main@update                  cstackBANK0  0048
read_digital_keypad@mode     cstackCOMMON 0073
read_digital_keypad@once     dataCOMMON   0079
reset_vec                    reset_vec    0000
saved_w                      (abs)        007E
start                        init         000C
start_initialization         cinit        000F
wtemp0                       (abs)        007E


MODULE INFORMATION

Module		Function		Class		Link	Load	Size
ssd.c
		_init_ssd      		CODE           	046F	0000	12
		_display       		CODE           	02DC	0000	90

ssd.c estimated size: 102

timers.c
		_init_timer0   		CODE           	047B	0000	9
		_init_timer2   		CODE           	0462	0000	13

timers.c estimated size: 22

digital_keypad.c
		_init_digital_keypad		CODE           	048C	0000	6
		_read_digital_keypad		CODE           	03FA	0000	48

digital_keypad.c estimated size: 54

C:\Program Files\Microchip\xc8\v2.45\pic\sources\c99\common\lwmod.c
		___lwmod       		CODE           	03C0	0000	58

C:\Program Files\Microchip\xc8\v2.45\pic\sources\c99\common\lwmod.c estimated size: 58

isr.c
		_isr           		CODE           	0336	0000	70

isr.c estimated size: 70

shared
		__initialization		CODE           	000F	0000	28

shared estimated size: 28

main.c
		_main          		CODE           	002F	0000	685
		_init_config   		CODE           	042A	0000	23

main.c estimated size: 708

C:\Program Files\Microchip\xc8\v2.45\pic\sources\c99\common\lwdiv.c
		___lwdiv       		CODE           	037C	0000	68

C:\Program Files\Microchip\xc8\v2.45\pic\sources\c99\common\lwdiv.c estimated size: 68

