Microchip MPLAB XC8 Compiler V2.45

Linker command line:

-W-3 \
  --edf=C:\Program Files\Microchip\xc8\v2.45\pic\dat\20230818022343_en.msgs \
  -cn -h+dist/default/production\A15_left_mareque.production.sym \
  --cmf=dist/default/production\A15_left_mareque.production.cmf -z \
  -Q16F877A -oC:\Users\ashiv\AppData\Local\Temp\xcAsers.\driver_tmp_3.o \
  --defsym=__MPLAB_BUILD=1 --fixupoverflow=error \
  -Mdist/default/production/A15_left_mareque.production.map \
  --md=C:\Users\ashiv\AppData\Local\Temp\xcAsers.\driver_tmp_0.dat -E1 \
  -ver=XC8 Compiler --acfsm=1493 -ACODE=00h-07FFhx4 -ASTRCODE=00h-01FFFh \
  -ASTRING=00h-0FFhx32 -ACONST=00h-0FFhx32 -AENTRY=00h-0FFhx32 \
  -ACOMMON=070h-07Fh -ABANK0=020h-06Fh -ABANK1=0A0h-0EFh \
  -ABANK2=0110h-016Fh -ABANK3=0190h-01EFh \
  -ARAM=020h-06Fh,0A0h-0EFh,0110h-016Fh,0190h-01EFh \
  -AABS1=020h-07Fh,0A0h-0EFh,0110h-016Fh,0190h-01EFh -ASFR0=00h-01Fh \
  -ASFR1=080h-09Fh -ASFR2=0100h-010Fh -ASFR3=0180h-018Fh \
  -ACONFIG=02007h-02007h -DCONFIG=2 -AIDLOC=02000h-02003h -DIDLOC=2 \
  -AEEDATA=00h-0FFh/02100h -peeprom_data=EEDATA -DEEDATA=2 -DCODE=2 \
  -DSTRCODE=2 -DSTRING=2 -DCONST=2 -DENTRY=2 \
  -preset_vec=00h,intentry,init,end_init -ppowerup=CODE -pcinit=CODE \
  -pfunctab=ENTRY -k \
  C:\Users\ashiv\AppData\Local\Temp\xcAsers.\driver_tmp_12.o \
  dist/default/production\A15_left_mareque.production.o 

Object code version is 3.11

Machine type is 16F877A



                Name                               Link     Load   Length Selector   Space Scale
C:\Users\ashiv\AppData\Local\Temp\xcAsers.\driver_tmp_12.o
                end_init                              0        0        3        0       0
                config                             2007     2007        1        0       4
                idloc                              2000     2000        4        0       5
dist/default/production\A15_left_mareque.production.o
                cinit                               7EE      7EE       12      FDC       0
                config                             2007     2007        1        0       4
                idloc                              2000     2000        4        0       5
                text4                               72B      72B       3A      E56       0
                text3                               6F4      6F4       37      DE8       0
                text2                               6C9      6C9        C      D92       0
                text1                               6C3      6C3        6      D86       0
                maintext                            765      765       89      ECA       0
                cstackBANK0                          2C       2C        8       20       1
                cstackCOMMON                         70       70        7       70       1
                inittext                            6E1      6E1       13      DC2       0
                dataBANK0                            20       20        C       20       1
                idataBANK0                          6D5      6D5        C      DAA       0

TOTAL           Name                               Link     Load   Length     Space
        CLASS   CODE           
                end_init                              0        0        3         0
                cinit                               7EE      7EE       12         0
                text4                               72B      72B       3A         0
                text3                               6F4      6F4       37         0
                text2                               6C9      6C9        C         0
                text1                               6C3      6C3        6         0
                maintext                            765      765       89         0
                inittext                            6E1      6E1       13         0
                idataBANK0                          6D5      6D5        C         0

        CLASS   STRCODE        

        CLASS   STRING         

        CLASS   CONST          

        CLASS   ENTRY          

        CLASS   COMMON         
                cstackCOMMON                         70       70        7         1

        CLASS   BANK0          
                cstackBANK0                          2C       2C        8         1
                dataBANK0                            20       20        C         1

        CLASS   BANK1          

        CLASS   BANK2          

        CLASS   BANK3          

        CLASS   RAM            

        CLASS   ABS1           
                abs_s1                               7E       7E        2         1

        CLASS   SFR0           

        CLASS   SFR1           

        CLASS   SFR2           

        CLASS   SFR3           

        CLASS   CONFIG         
                config                             2007     2007        1         4

        CLASS   IDLOC          
                idloc                              2000     2000        4         5

        CLASS   EEDATA         

        CLASS   HEAP           

        CLASS   STACK          



SEGMENTS        Name                           Load    Length   Top    Selector   Space  Class     Delta

                reset_vec                      000000  000003  000003         0       0  CODE        2
                dataBANK0                      000020  000014  000034        20       1  BANK0       1
                cstackCOMMON                   000070  000007  000077        70       1  COMMON      1
                text1                          0006C3  000006  0006C9       D86       0  CODE        2
                text2                          0006C9  00000C  0006D5       D92       0  CODE        2
                idataBANK0                     0006D5  00000C  0006E1       DAA       0  CODE        2
                inittext                       0006E1  000013  0006F4       DC2       0  CODE        2
                text3                          0006F4  000037  00072B       DE8       0  CODE        2
                text4                          00072B  00003A  000765       E56       0  CODE        2
                maintext                       000765  000089  0007EE       ECA       0  CODE        2
                cinit                          0007EE  000012  000800       FDC       0  CODE        2


UNUSED ADDRESS RANGES

        Name                Unused          Largest block    Delta
        BANK0            0034-006F             3C           1
        BANK1            00A0-00EF             50           1
        BANK2            0110-016F             60           1
        BANK3            0190-01EF             60           1
        CODE             0003-06C2            6C0           2
                         0800-1FFF            800
        COMMON           0077-007D              7           1
        CONST            0003-06C2            100           2
                         0800-1FFF            100
        EEDATA           2100-21FF            100           2
        ENTRY            0003-06C2            100           2
                         0800-1FFF            100
        RAM              0034-006F             3C           1
                         00A0-00EF             50
                         0110-016F             60
                         0190-01EF             60
        SFR0             0000-001F             20           1
        SFR1             0080-009F             20           1
        SFR2             0100-010F             10           1
        SFR3             0180-018F             10           1
        STRCODE          0003-06C2            6C0           2
                         0800-1FFF           1800
        STRING           0003-06C2            100           2
                         0800-1FFF            100

                                  Symbol Table

?___lwmod                cstackCOMMON 0070
_PORTA                   (abs)        0005
_PORTD                   (abs)        0008
_TRISA                   (abs)        0085
_TRISD                   (abs)        0088
__H__absolute__          __absolute__ 0000
__Habs1                  abs1         0000
__Hbank0                 bank0        0000
__Hbank1                 bank1        0000
__Hbank2                 bank2        0000
__Hbank3                 bank3        0000
__Hcinit                 cinit        0800
__Hclrtext               clrtext      0000
__Hcode                  code         0000
__Hcommon                common       0000
__Hconfig                config       2008
__HcstackBANK0           cstackBANK0  0000
__HcstackCOMMON          cstackCOMMON 0000
__HdataBANK0             dataBANK0    0000
__Heeprom_data           eeprom_data  0000
__Hend_init              end_init     0003
__Hfunctab               functab      0000
__Hheap                  heap         0000
__HidataBANK0            idataBANK0   0000
__Hidloc                 idloc        2004
__Hinit                  init         0000
__Hinittext              inittext     0000
__Hintentry              intentry     0000
__Hmaintext              maintext     0000
__Hpowerup               powerup      0000
__Hram                   ram          0000
__Hreset_vec             reset_vec    0000
__Hsfr0                  sfr0         0000
__Hsfr1                  sfr1         0000
__Hsfr2                  sfr2         0000
__Hsfr3                  sfr3         0000
__Hspace_0               (abs)        0800
__Hspace_1               (abs)        0077
__Hspace_2               (abs)        0000
__Hspace_3               (abs)        0000
__Hspace_4               (abs)        400F
__Hstack                 stack        0000
__Hstrings               strings      0000
__Htext                  text         0000
__L__absolute__          __absolute__ 0000
__Labs1                  abs1         0000
__Lbank0                 bank0        0000
__Lbank1                 bank1        0000
__Lbank2                 bank2        0000
__Lbank3                 bank3        0000
__Lcinit                 cinit        07EE
__Lclrtext               clrtext      0000
__Lcode                  code         0000
__Lcommon                common       0000
__Lconfig                config       0000
__LcstackBANK0           cstackBANK0  0000
__LcstackCOMMON          cstackCOMMON 0000
__LdataBANK0             dataBANK0    0000
__Leeprom_data           eeprom_data  0000
__Lend_init              end_init     0000
__Lfunctab               functab      0000
__Lheap                  heap         0000
__LidataBANK0            idataBANK0   0000
__Lidloc                 idloc        0000
__Linit                  init         0000
__Linittext              inittext     0000
__Lintentry              intentry     0000
__Lmaintext              maintext     0000
__Lpowerup               powerup      0000
__Lram                   ram          0000
__Lreset_vec             reset_vec    0000
__Lsfr0                  sfr0         0000
__Lsfr1                  sfr1         0000
__Lsfr2                  sfr2         0000
__Lsfr3                  sfr3         0000
__Lspace_0               (abs)        0000
__Lspace_1               (abs)        0000
__Lspace_2               (abs)        0000
__Lspace_3               (abs)        0000
__Lspace_4               (abs)        0000
__Lstack                 stack        0000
__Lstrings               strings      0000
__Ltext                  text         0000
__S0                     (abs)        0800
__S1                     (abs)        0077
__S3                     (abs)        0000
___heap_hi               (abs)        0000
___heap_lo               (abs)        0000
___int_sp                stack        0000
___int_stack_hi          stack        0000
___int_stack_lo          stack        0000
___latbits               (abs)        0002
___lwmod                 text4        072B
___lwmod@counter         cstackCOMMON 0074
___lwmod@dividend        cstackCOMMON 0072
___lwmod@divisor         cstackCOMMON 0070
___sp                    stack        0000
___stack_hi              stack        0000
___stack_lo              stack        0000
___stackhi               (abs)        0000
___stacklo               (abs)        0000
__end_of___lwmod         text4        0765
__end_of__initialization cinit        07FC
__end_of_display         text3        072B
__end_of_init_config     text1        06C9
__end_of_init_ssd        text2        06D5
__end_of_main            maintext     07EE
__initialization         cinit        07EE
__pcstackBANK0           cstackBANK0  002C
__pcstackCOMMON          cstackCOMMON 0070
__pdataBANK0             dataBANK0    0020
__pidataBANK0            idataBANK0   06D5
__pmaintext              maintext     0765
__ptext1                 text1        06C3
__ptext2                 text2        06C9
__ptext3                 text3        06F4
__ptext4                 text4        072B
_digit                   dataBANK0    0020
_display                 text3        06F4
_init_config             text1        06C3
_init_ssd                text2        06C9
_main                    maintext     0765
btemp                    (abs)        007E
display@data             cstackCOMMON 0073
display@digit            cstackCOMMON 0074
display@wait             cstackCOMMON 0071
end_of_initialization    cinit        07FC
init_fetch0              inittext     06E1
init_ram0                inittext     06E5
intlevel0                functab      0000
intlevel1                functab      0000
intlevel2                functab      0000
intlevel3                functab      0000
intlevel4                functab      0000
intlevel5                functab      0000
main@delay               cstackBANK0  0030
main@i                   cstackBANK0  0032
main@ssd                 cstackBANK0  002C
reset_vec                reset_vec    0000
start                    init         0000
start_initialization     cinit        07EE
wtemp0                   (abs)        007E


MODULE INFORMATION

Module		Function		Class		Link	Load	Size
ssd.c
		_init_ssd      		CODE           	06C9	0000	12
		_display       		CODE           	06F4	0000	55

ssd.c estimated size: 67

C:\Program Files\Microchip\xc8\v2.45\pic\sources\c99\common\lwmod.c
		___lwmod       		CODE           	072B	0000	58

C:\Program Files\Microchip\xc8\v2.45\pic\sources\c99\common\lwmod.c estimated size: 58

shared
		__initialization		CODE           	07EE	0000	14

shared estimated size: 14

main.c
		_main          		CODE           	0765	0000	137
		_init_config   		CODE           	06C3	0000	6

main.c estimated size: 143

